{"err_code":10002,"err_message":"server not found"}