{"error_category":"remote or network error[remote]","error_details":"biz error: Overflow: sum is too large to be represented."}