{"err_code":0,"err_message":"success","msg":"Lorem ipsum dolor sit amet, consectetur adipiscing elituiofdsnfmdlauidansdfjusarhenwavjchx zmxc vkjfdhwjgndmVcuohqewLorem ipsum dolor sit amet, consectetur adipiscing elituiofdsnfmdlauidansdfjusarhenwavjchx zmxc vkjfdhwjgndmVcuohqew"}