{"err_code":0,"err_message":"success","msg":"hello"}