{"error_category":"missing method","error_details":"EchoMethodXXX in service: EchoSvc"}